src/features/sprints/sprintsApiSlice.ts(49,25): error TS6133: 'result' is declared but its value is never read.
src/features/sprints/sprintsApiSlice.ts(49,33): error TS6133: 'error' is declared but its value is never read.
src/features/tasks/tasksApiSlice.ts(31,30): error TS6133: 'error' is declared but its value is never read.
src/features/tasks/tasksApiSlice.ts(41,30): error TS6133: 'error' is declared but its value is never read.
src/features/worklogs/worklogsApiSlice.ts(40,25): error TS6133: 'result' is declared but its value is never read.
src/features/worklogs/worklogsApiSlice.ts(40,33): error TS6133: 'error' is declared but its value is never read.
src/features/worklogs/worklogsApiSlice.ts(53,25): error TS6133: 'result' is declared but its value is never read.
src/features/worklogs/worklogsApiSlice.ts(53,33): error TS6133: 'error' is declared but its value is never read.
src/features/worklogs/worklogsApiSlice.ts(63,25): error TS6133: 'result' is declared but its value is never read.
src/features/worklogs/worklogsApiSlice.ts(63,33): error TS6133: 'error' is declared but its value is never read.
src/pages/myTasks/components/EditMyTaskModal.tsx(72,9): error TS2322: Type 'Resolver<{ title: string; type: string; priority: string; status: string; estimatedHours: unknown; assignee: string; description?: string | undefined; }, any, { title: string; type: string; priority: string; status: string; estimatedHours: number; assignee: string; description?: string | undefined; }>' is not assignable to type 'Resolver<{ title: string; type: string; priority: string; status: string; estimatedHours: number; assignee: string; description?: string | undefined; }, any, { title: string; type: string; priority: string; status: string; estimatedHours: number; assignee: string; description?: string | undefined; }>'.
  Types of parameters 'options' and 'options' are incompatible.
    Type 'ResolverOptions<{ title: string; type: string; priority: string; status: string; estimatedHours: number; assignee: string; description?: string | undefined; }>' is not assignable to type 'ResolverOptions<{ title: string; type: string; priority: string; status: string; estimatedHours: unknown; assignee: string; description?: string | undefined; }>'.
      Type 'unknown' is not assignable to type 'number'.
src/pages/myTasks/components/EditMyTaskModal.tsx(121,53): error TS2345: Argument of type '(data: TaskFormValues) => void' is not assignable to parameter of type 'SubmitHandler<TFieldValues>'.
  Types of parameters 'data' and 'data' are incompatible.
    Type 'TFieldValues' is not assignable to type '{ title: string; type: string; priority: string; status: string; estimatedHours: number; assignee: string; description?: string | undefined; }'.
      Type 'FieldValues' is missing the following properties from type '{ title: string; type: string; priority: string; status: string; estimatedHours: number; assignee: string; description?: string | undefined; }': title, type, priority, status, and 2 more.
src/pages/myTasks/components/EditMyTaskModal.tsx(126,29): error TS2322: Type 'Control<{ title: string; type: string; priority: string; status: string; estimatedHours: number; assignee: string; description?: string | undefined; }, any, TFieldValues>' is not assignable to type 'Control<{ title: string; type: string; priority: string; status: string; estimatedHours: number; assignee: string; description?: string | undefined; }, any, { title: string; type: string; priority: string; status: string; estimatedHours: number; assignee: string; description?: string | undefined; }>'.
  The types of '_options.resolver' are incompatible between these types.
    Type 'Resolver<{ title: string; type: string; priority: string; status: string; estimatedHours: number; assignee: string; description?: string | undefined; }, any, TFieldValues> | undefined' is not assignable to type 'Resolver<{ title: string; type: string; priority: string; status: string; estimatedHours: number; assignee: string; description?: string | undefined; }, any, { title: string; type: string; priority: string; status: string; estimatedHours: number; assignee: string; description?: string | undefined; }> | undefined'.
      Type 'Resolver<{ title: string; type: string; priority: string; status: string; estimatedHours: number; assignee: string; description?: string | undefined; }, any, TFieldValues>' is not assignable to type 'Resolver<{ title: string; type: string; priority: string; status: string; estimatedHours: number; assignee: string; description?: string | undefined; }, any, { title: string; type: string; priority: string; status: string; estimatedHours: number; assignee: string; description?: string | undefined; }>'.
        Type 'ResolverResult<{ title: string; type: string; priority: string; status: string; estimatedHours: number; assignee: string; description?: string | undefined; }, TFieldValues> | Promise<...>' is not assignable to type 'ResolverResult<{ title: string; type: string; priority: string; status: string; estimatedHours: number; assignee: string; description?: string | undefined; }, { title: string; type: string; priority: string; status: string; estimatedHours: number; assignee: string; description?: string | undefined; }> | Promise<...>'.
          Type 'ResolverSuccess<TFieldValues>' is not assignable to type 'ResolverResult<{ title: string; type: string; priority: string; status: string; estimatedHours: number; assignee: string; description?: string | undefined; }, { title: string; type: string; priority: string; status: string; estimatedHours: number; assignee: string; description?: string | undefined; }> | Promise<...>'.
            Type 'ResolverSuccess<TFieldValues>' is not assignable to type 'ResolverSuccess<{ title: string; type: string; priority: string; status: string; estimatedHours: number; assignee: string; description?: string | undefined; }>'.
              Type 'TFieldValues' is not assignable to type '{ title: string; type: string; priority: string; status: string; estimatedHours: number; assignee: string; description?: string | undefined; }'.
                Type 'FieldValues' is missing the following properties from type '{ title: string; type: string; priority: string; status: string; estimatedHours: number; assignee: string; description?: string | undefined; }': title, type, priority, status, and 2 more.
src/pages/myTasks/components/EditMyTaskModal.tsx(143,29): error TS2322: Type 'Control<{ title: string; type: string; priority: string; status: string; estimatedHours: number; assignee: string; description?: string | undefined; }, any, TFieldValues>' is not assignable to type 'Control<{ title: string; type: string; priority: string; status: string; estimatedHours: number; assignee: string; description?: string | undefined; }, any, { title: string; type: string; priority: string; status: string; estimatedHours: number; assignee: string; description?: string | undefined; }>'.
  The types of '_options.resolver' are incompatible between these types.
    Type 'Resolver<{ title: string; type: string; priority: string; status: string; estimatedHours: number; assignee: string; description?: string | undefined; }, any, TFieldValues> | undefined' is not assignable to type 'Resolver<{ title: string; type: string; priority: string; status: string; estimatedHours: number; assignee: string; description?: string | undefined; }, any, { title: string; type: string; priority: string; status: string; estimatedHours: number; assignee: string; description?: string | undefined; }> | undefined'.
      Type 'Resolver<{ title: string; type: string; priority: string; status: string; estimatedHours: number; assignee: string; description?: string | undefined; }, any, TFieldValues>' is not assignable to type 'Resolver<{ title: string; type: string; priority: string; status: string; estimatedHours: number; assignee: string; description?: string | undefined; }, any, { title: string; type: string; priority: string; status: string; estimatedHours: number; assignee: string; description?: string | undefined; }>'.
        Type 'ResolverResult<{ title: string; type: string; priority: string; status: string; estimatedHours: number; assignee: string; description?: string | undefined; }, TFieldValues> | Promise<...>' is not assignable to type 'ResolverResult<{ title: string; type: string; priority: string; status: string; estimatedHours: number; assignee: string; description?: string | undefined; }, { title: string; type: string; priority: string; status: string; estimatedHours: number; assignee: string; description?: string | undefined; }> | Promise<...>'.
          Type 'ResolverSuccess<TFieldValues>' is not assignable to type 'ResolverResult<{ title: string; type: string; priority: string; status: string; estimatedHours: number; assignee: string; description?: string | undefined; }, { title: string; type: string; priority: string; status: string; estimatedHours: number; assignee: string; description?: string | undefined; }> | Promise<...>'.
            Type 'ResolverSuccess<TFieldValues>' is not assignable to type 'ResolverSuccess<{ title: string; type: string; priority: string; status: string; estimatedHours: number; assignee: string; description?: string | undefined; }>'.
              Type 'TFieldValues' is not assignable to type '{ title: string; type: string; priority: string; status: string; estimatedHours: number; assignee: string; description?: string | undefined; }'.
                Type 'FieldValues' is missing the following properties from type '{ title: string; type: string; priority: string; status: string; estimatedHours: number; assignee: string; description?: string | undefined; }': title, type, priority, status, and 2 more.
src/pages/myTasks/components/EditMyTaskModal.tsx(159,33): error TS2322: Type 'Control<{ title: string; type: string; priority: string; status: string; estimatedHours: number; assignee: string; description?: string | undefined; }, any, TFieldValues>' is not assignable to type 'Control<{ title: string; type: string; priority: string; status: string; estimatedHours: number; assignee: string; description?: string | undefined; }, any, { title: string; type: string; priority: string; status: string; estimatedHours: number; assignee: string; description?: string | undefined; }>'.
  The types of '_options.resolver' are incompatible between these types.
    Type 'Resolver<{ title: string; type: string; priority: string; status: string; estimatedHours: number; assignee: string; description?: string | undefined; }, any, TFieldValues> | undefined' is not assignable to type 'Resolver<{ title: string; type: string; priority: string; status: string; estimatedHours: number; assignee: string; description?: string | undefined; }, any, { title: string; type: string; priority: string; status: string; estimatedHours: number; assignee: string; description?: string | undefined; }> | undefined'.
      Type 'Resolver<{ title: string; type: string; priority: string; status: string; estimatedHours: number; assignee: string; description?: string | undefined; }, any, TFieldValues>' is not assignable to type 'Resolver<{ title: string; type: string; priority: string; status: string; estimatedHours: number; assignee: string; description?: string | undefined; }, any, { title: string; type: string; priority: string; status: string; estimatedHours: number; assignee: string; description?: string | undefined; }>'.
        Type 'ResolverResult<{ title: string; type: string; priority: string; status: string; estimatedHours: number; assignee: string; description?: string | undefined; }, TFieldValues> | Promise<...>' is not assignable to type 'ResolverResult<{ title: string; type: string; priority: string; status: string; estimatedHours: number; assignee: string; description?: string | undefined; }, { title: string; type: string; priority: string; status: string; estimatedHours: number; assignee: string; description?: string | undefined; }> | Promise<...>'.
          Type 'ResolverSuccess<TFieldValues>' is not assignable to type 'ResolverResult<{ title: string; type: string; priority: string; status: string; estimatedHours: number; assignee: string; description?: string | undefined; }, { title: string; type: string; priority: string; status: string; estimatedHours: number; assignee: string; description?: string | undefined; }> | Promise<...>'.
            Type 'ResolverSuccess<TFieldValues>' is not assignable to type 'ResolverSuccess<{ title: string; type: string; priority: string; status: string; estimatedHours: number; assignee: string; description?: string | undefined; }>'.
              Type 'TFieldValues' is not assignable to type '{ title: string; type: string; priority: string; status: string; estimatedHours: number; assignee: string; description?: string | undefined; }'.
                Type 'FieldValues' is missing the following properties from type '{ title: string; type: string; priority: string; status: string; estimatedHours: number; assignee: string; description?: string | undefined; }': title, type, priority, status, and 2 more.
src/pages/myTasks/components/EditMyTaskModal.tsx(183,33): error TS2322: Type 'Control<{ title: string; type: string; priority: string; status: string; estimatedHours: number; assignee: string; description?: string | undefined; }, any, TFieldValues>' is not assignable to type 'Control<{ title: string; type: string; priority: string; status: string; estimatedHours: number; assignee: string; description?: string | undefined; }, any, { title: string; type: string; priority: string; status: string; estimatedHours: number; assignee: string; description?: string | undefined; }>'.
  The types of '_options.resolver' are incompatible between these types.
    Type 'Resolver<{ title: string; type: string; priority: string; status: string; estimatedHours: number; assignee: string; description?: string | undefined; }, any, TFieldValues> | undefined' is not assignable to type 'Resolver<{ title: string; type: string; priority: string; status: string; estimatedHours: number; assignee: string; description?: string | undefined; }, any, { title: string; type: string; priority: string; status: string; estimatedHours: number; assignee: string; description?: string | undefined; }> | undefined'.
      Type 'Resolver<{ title: string; type: string; priority: string; status: string; estimatedHours: number; assignee: string; description?: string | undefined; }, any, TFieldValues>' is not assignable to type 'Resolver<{ title: string; type: string; priority: string; status: string; estimatedHours: number; assignee: string; description?: string | undefined; }, any, { title: string; type: string; priority: string; status: string; estimatedHours: number; assignee: string; description?: string | undefined; }>'.
        Type 'ResolverResult<{ title: string; type: string; priority: string; status: string; estimatedHours: number; assignee: string; description?: string | undefined; }, TFieldValues> | Promise<...>' is not assignable to type 'ResolverResult<{ title: string; type: string; priority: string; status: string; estimatedHours: number; assignee: string; description?: string | undefined; }, { title: string; type: string; priority: string; status: string; estimatedHours: number; assignee: string; description?: string | undefined; }> | Promise<...>'.
          Type 'ResolverSuccess<TFieldValues>' is not assignable to type 'ResolverResult<{ title: string; type: string; priority: string; status: string; estimatedHours: number; assignee: string; description?: string | undefined; }, { title: string; type: string; priority: string; status: string; estimatedHours: number; assignee: string; description?: string | undefined; }> | Promise<...>'.
            Type 'ResolverSuccess<TFieldValues>' is not assignable to type 'ResolverSuccess<{ title: string; type: string; priority: string; status: string; estimatedHours: number; assignee: string; description?: string | undefined; }>'.
              Type 'TFieldValues' is not assignable to type '{ title: string; type: string; priority: string; status: string; estimatedHours: number; assignee: string; description?: string | undefined; }'.
                Type 'FieldValues' is missing the following properties from type '{ title: string; type: string; priority: string; status: string; estimatedHours: number; assignee: string; description?: string | undefined; }': title, type, priority, status, and 2 more.
src/pages/myTasks/components/EditMyTaskModal.tsx(208,33): error TS2322: Type 'Control<{ title: string; type: string; priority: string; status: string; estimatedHours: number; assignee: string; description?: string | undefined; }, any, TFieldValues>' is not assignable to type 'Control<{ title: string; type: string; priority: string; status: string; estimatedHours: number; assignee: string; description?: string | undefined; }, any, { title: string; type: string; priority: string; status: string; estimatedHours: number; assignee: string; description?: string | undefined; }>'.
  The types of '_options.resolver' are incompatible between these types.
    Type 'Resolver<{ title: string; type: string; priority: string; status: string; estimatedHours: number; assignee: string; description?: string | undefined; }, any, TFieldValues> | undefined' is not assignable to type 'Resolver<{ title: string; type: string; priority: string; status: string; estimatedHours: number; assignee: string; description?: string | undefined; }, any, { title: string; type: string; priority: string; status: string; estimatedHours: number; assignee: string; description?: string | undefined; }> | undefined'.
      Type 'Resolver<{ title: string; type: string; priority: string; status: string; estimatedHours: number; assignee: string; description?: string | undefined; }, any, TFieldValues>' is not assignable to type 'Resolver<{ title: string; type: string; priority: string; status: string; estimatedHours: number; assignee: string; description?: string | undefined; }, any, { title: string; type: string; priority: string; status: string; estimatedHours: number; assignee: string; description?: string | undefined; }>'.
        Type 'ResolverResult<{ title: string; type: string; priority: string; status: string; estimatedHours: number; assignee: string; description?: string | undefined; }, TFieldValues> | Promise<...>' is not assignable to type 'ResolverResult<{ title: string; type: string; priority: string; status: string; estimatedHours: number; assignee: string; description?: string | undefined; }, { title: string; type: string; priority: string; status: string; estimatedHours: number; assignee: string; description?: string | undefined; }> | Promise<...>'.
          Type 'ResolverSuccess<TFieldValues>' is not assignable to type 'ResolverResult<{ title: string; type: string; priority: string; status: string; estimatedHours: number; assignee: string; description?: string | undefined; }, { title: string; type: string; priority: string; status: string; estimatedHours: number; assignee: string; description?: string | undefined; }> | Promise<...>'.
            Type 'ResolverSuccess<TFieldValues>' is not assignable to type 'ResolverSuccess<{ title: string; type: string; priority: string; status: string; estimatedHours: number; assignee: string; description?: string | undefined; }>'.
              Type 'TFieldValues' is not assignable to type '{ title: string; type: string; priority: string; status: string; estimatedHours: number; assignee: string; description?: string | undefined; }'.
                Type 'FieldValues' is missing the following properties from type '{ title: string; type: string; priority: string; status: string; estimatedHours: number; assignee: string; description?: string | undefined; }': title, type, priority, status, and 2 more.
src/pages/myTasks/components/EditMyTaskModal.tsx(233,33): error TS2322: Type 'Control<{ title: string; type: string; priority: string; status: string; estimatedHours: number; assignee: string; description?: string | undefined; }, any, TFieldValues>' is not assignable to type 'Control<{ title: string; type: string; priority: string; status: string; estimatedHours: number; assignee: string; description?: string | undefined; }, any, { title: string; type: string; priority: string; status: string; estimatedHours: number; assignee: string; description?: string | undefined; }>'.
  The types of '_options.resolver' are incompatible between these types.
    Type 'Resolver<{ title: string; type: string; priority: string; status: string; estimatedHours: number; assignee: string; description?: string | undefined; }, any, TFieldValues> | undefined' is not assignable to type 'Resolver<{ title: string; type: string; priority: string; status: string; estimatedHours: number; assignee: string; description?: string | undefined; }, any, { title: string; type: string; priority: string; status: string; estimatedHours: number; assignee: string; description?: string | undefined; }> | undefined'.
      Type 'Resolver<{ title: string; type: string; priority: string; status: string; estimatedHours: number; assignee: string; description?: string | undefined; }, any, TFieldValues>' is not assignable to type 'Resolver<{ title: string; type: string; priority: string; status: string; estimatedHours: number; assignee: string; description?: string | undefined; }, any, { title: string; type: string; priority: string; status: string; estimatedHours: number; assignee: string; description?: string | undefined; }>'.
        Type 'ResolverResult<{ title: string; type: string; priority: string; status: string; estimatedHours: number; assignee: string; description?: string | undefined; }, TFieldValues> | Promise<...>' is not assignable to type 'ResolverResult<{ title: string; type: string; priority: string; status: string; estimatedHours: number; assignee: string; description?: string | undefined; }, { title: string; type: string; priority: string; status: string; estimatedHours: number; assignee: string; description?: string | undefined; }> | Promise<...>'.
          Type 'ResolverSuccess<TFieldValues>' is not assignable to type 'ResolverResult<{ title: string; type: string; priority: string; status: string; estimatedHours: number; assignee: string; description?: string | undefined; }, { title: string; type: string; priority: string; status: string; estimatedHours: number; assignee: string; description?: string | undefined; }> | Promise<...>'.
            Type 'ResolverSuccess<TFieldValues>' is not assignable to type 'ResolverSuccess<{ title: string; type: string; priority: string; status: string; estimatedHours: number; assignee: string; description?: string | undefined; }>'.
              Type 'TFieldValues' is not assignable to type '{ title: string; type: string; priority: string; status: string; estimatedHours: number; assignee: string; description?: string | undefined; }'.
                Type 'FieldValues' is missing the following properties from type '{ title: string; type: string; priority: string; status: string; estimatedHours: number; assignee: string; description?: string | undefined; }': title, type, priority, status, and 2 more.
src/pages/myTasks/components/EditMyTaskModal.tsx(259,29): error TS2322: Type 'Control<{ title: string; type: string; priority: string; status: string; estimatedHours: number; assignee: string; description?: string | undefined; }, any, TFieldValues>' is not assignable to type 'Control<{ title: string; type: string; priority: string; status: string; estimatedHours: number; assignee: string; description?: string | undefined; }, any, { title: string; type: string; priority: string; status: string; estimatedHours: number; assignee: string; description?: string | undefined; }>'.
  The types of '_options.resolver' are incompatible between these types.
    Type 'Resolver<{ title: string; type: string; priority: string; status: string; estimatedHours: number; assignee: string; description?: string | undefined; }, any, TFieldValues> | undefined' is not assignable to type 'Resolver<{ title: string; type: string; priority: string; status: string; estimatedHours: number; assignee: string; description?: string | undefined; }, any, { title: string; type: string; priority: string; status: string; estimatedHours: number; assignee: string; description?: string | undefined; }> | undefined'.
      Type 'Resolver<{ title: string; type: string; priority: string; status: string; estimatedHours: number; assignee: string; description?: string | undefined; }, any, TFieldValues>' is not assignable to type 'Resolver<{ title: string; type: string; priority: string; status: string; estimatedHours: number; assignee: string; description?: string | undefined; }, any, { title: string; type: string; priority: string; status: string; estimatedHours: number; assignee: string; description?: string | undefined; }>'.
        Type 'ResolverResult<{ title: string; type: string; priority: string; status: string; estimatedHours: number; assignee: string; description?: string | undefined; }, TFieldValues> | Promise<...>' is not assignable to type 'ResolverResult<{ title: string; type: string; priority: string; status: string; estimatedHours: number; assignee: string; description?: string | undefined; }, { title: string; type: string; priority: string; status: string; estimatedHours: number; assignee: string; description?: string | undefined; }> | Promise<...>'.
          Type 'ResolverSuccess<TFieldValues>' is not assignable to type 'ResolverResult<{ title: string; type: string; priority: string; status: string; estimatedHours: number; assignee: string; description?: string | undefined; }, { title: string; type: string; priority: string; status: string; estimatedHours: number; assignee: string; description?: string | undefined; }> | Promise<...>'.
            Type 'ResolverSuccess<TFieldValues>' is not assignable to type 'ResolverSuccess<{ title: string; type: string; priority: string; status: string; estimatedHours: number; assignee: string; description?: string | undefined; }>'.
              Type 'TFieldValues' is not assignable to type '{ title: string; type: string; priority: string; status: string; estimatedHours: number; assignee: string; description?: string | undefined; }'.
                Type 'FieldValues' is missing the following properties from type '{ title: string; type: string; priority: string; status: string; estimatedHours: number; assignee: string; description?: string | undefined; }': title, type, priority, status, and 2 more.
src/pages/myTasks/MyTaskPage.tsx(9,154): error TS6133: 'User' is declared but its value is never read.
src/pages/myTasks/MyTaskPage.tsx(9,172): error TS6133: 'FolderCheck' is declared but its value is never read.
src/pages/myTasks/MyTaskPage.tsx(541,34): error TS2322: Type '{ id: string; name: string; status: "Todo" | "In progress" | "Done" | "Blocked"; estimatedHours: number; priority: "Low" | "Medium" | "High"; type: string; assignee: string; }[]' is not assignable to type 'Task[]'.
  Type '{ id: string; name: string; status: "Todo" | "In progress" | "Done" | "Blocked"; estimatedHours: number; priority: "Low" | "Medium" | "High"; type: string; assignee: string; }' is not assignable to type 'Task'.
    Types of property 'type' are incompatible.
      Type 'string' is not assignable to type '"Task" | "Bug" | "Improvement"'.
src/pages/myTasks/MyTaskPage.tsx(541,47): error TS2322: Type '({ accessorKey: string; header: () => Element; cell: ({ row }: { row: { original: Task; }; }) => Element; id?: undefined; } | { id: string; header: () => Element; cell: ({ row }: { ...; }) => Element; accessorKey?: undefined; })[]' is not assignable to type 'ColumnsProps<Task, unknown>[]'.
  Type '{ accessorKey: string; header: () => Element; cell: ({ row }: { row: { original: Task; }; }) => Element; id?: undefined; } | { id: string; header: () => Element; cell: ({ row }: { ...; }) => Element; accessorKey?: undefined; }' is not assignable to type 'ColumnsProps<Task, unknown>'.
    Type '{ accessorKey: string; header: () => JSX.Element; cell: ({ row }: { row: { original: Task; }; }) => JSX.Element; id?: undefined; }' is not assignable to type 'ColumnsProps<Task, unknown>'.
      Type '{ accessorKey: string; header: () => JSX.Element; cell: ({ row }: { row: { original: Task; }; }) => JSX.Element; id?: undefined; }' is not assignable to type 'AccessorFnColumnDefBase<Task, unknown> & IdIdentifier<Task, unknown> & { header: string | (() => ReactNode); accessorKey?: keyof Task | undefined; cell?: ((row: Task) => ReactNode) | undefined; footer?: ((row: Task) => ReactNode) | undefined; filterFns?: string | undefined; draggable?: boolean | undefined; }'.
        Property 'accessorFn' is missing in type '{ accessorKey: string; header: () => JSX.Element; cell: ({ row }: { row: { original: Task; }; }) => JSX.Element; id?: undefined; }' but required in type 'AccessorFnColumnDefBase<Task, unknown>'.
src/pages/myTasks/MyTaskPage.tsx(555,34): error TS2345: Argument of type '{ title: string; type: string; priority: string; status: string; estimatedHours: number; assignee: string; description?: string | undefined; }' is not assignable to parameter of type 'CreateTaskPayload'.
  Types of property 'description' are incompatible.
    Type 'string | undefined' is not assignable to type 'string'.
      Type 'undefined' is not assignable to type 'string'.
src/pages/myTasks/MyTaskPage.tsx(570,51): error TS2345: Argument of type '{ title: string; type: string; priority: string; status: string; estimatedHours: number; assignee: string; description?: string | undefined; }' is not assignable to parameter of type 'CreateTaskPayload'.
  Types of property 'description' are incompatible.
    Type 'string | undefined' is not assignable to type 'string'.
      Type 'undefined' is not assignable to type 'string'.
src/pages/projects/components/TaskBoard.tsx(22,3): error TS6133: 'Pencil' is declared but its value is never read.
src/pages/projects/components/TaskBoard.tsx(27,3): error TS6133: 'CalendarDays' is declared but its value is never read.
src/pages/projects/components/TaskBoard.tsx(53,10): error TS6133: 'statusColor' is declared but its value is never read.
src/pages/projects/components/ViewTimeLogsModal.tsx(1,8): error TS6133: 'React' is declared but its value is never read.
src/pages/projects/ProjectsPage.tsx(126,5): error TS6133: 'isError' is declared but its value is never read.
